Archive member included to satisfy reference by file (symbol)

C:/ST/STM32CubeIDE_1.15.1/STM32CubeIDE/plugins/com.st.stm32cube.ide.mcu.externaltools.gnu-tools-for-stm32.12.3.rel1.win32_1.0.100.202403111256/tools/bin/../lib/gcc/arm-none-eabi/12.3.1/../../../../arm-none-eabi/lib/thumb/v7e-m+fp/hard\libc_nano.a(libc_a-exit.o)
                              C:/ST/STM32CubeIDE_1.15.1/STM32CubeIDE/plugins/com.st.stm32cube.ide.mcu.externaltools.gnu-tools-for-stm32.12.3.rel1.win32_1.0.100.202403111256/tools/bin/../lib/gcc/arm-none-eabi/12.3.1/../../../../arm-none-eabi/lib/thumb/v7e-m+fp/hard/crt0.o (exit)
C:/ST/STM32CubeIDE_1.15.1/STM32CubeIDE/plugins/com.st.stm32cube.ide.mcu.externaltools.gnu-tools-for-stm32.12.3.rel1.win32_1.0.100.202403111256/tools/bin/../lib/gcc/arm-none-eabi/12.3.1/../../../../arm-none-eabi/lib/thumb/v7e-m+fp/hard\libc_nano.a(libc_a-findfp.o)
                              C:/ST/STM32CubeIDE_1.15.1/STM32CubeIDE/plugins/com.st.stm32cube.ide.mcu.externaltools.gnu-tools-for-stm32.12.3.rel1.win32_1.0.100.202403111256/tools/bin/../lib/gcc/arm-none-eabi/12.3.1/../../../../arm-none-eabi/lib/thumb/v7e-m+fp/hard\libc_nano.a(libc_a-exit.o) (__stdio_exit_handler)
C:/ST/STM32CubeIDE_1.15.1/STM32CubeIDE/plugins/com.st.stm32cube.ide.mcu.externaltools.gnu-tools-for-stm32.12.3.rel1.win32_1.0.100.202403111256/tools/bin/../lib/gcc/arm-none-eabi/12.3.1/../../../../arm-none-eabi/lib/thumb/v7e-m+fp/hard\libc_nano.a(libc_a-fwalk.o)
                              C:/ST/STM32CubeIDE_1.15.1/STM32CubeIDE/plugins/com.st.stm32cube.ide.mcu.externaltools.gnu-tools-for-stm32.12.3.rel1.win32_1.0.100.202403111256/tools/bin/../lib/gcc/arm-none-eabi/12.3.1/../../../../arm-none-eabi/lib/thumb/v7e-m+fp/hard\libc_nano.a(libc_a-findfp.o) (_fwalk_sglue)
C:/ST/STM32CubeIDE_1.15.1/STM32CubeIDE/plugins/com.st.stm32cube.ide.mcu.externaltools.gnu-tools-for-stm32.12.3.rel1.win32_1.0.100.202403111256/tools/bin/../lib/gcc/arm-none-eabi/12.3.1/../../../../arm-none-eabi/lib/thumb/v7e-m+fp/hard\libc_nano.a(libc_a-stdio.o)
                              C:/ST/STM32CubeIDE_1.15.1/STM32CubeIDE/plugins/com.st.stm32cube.ide.mcu.externaltools.gnu-tools-for-stm32.12.3.rel1.win32_1.0.100.202403111256/tools/bin/../lib/gcc/arm-none-eabi/12.3.1/../../../../arm-none-eabi/lib/thumb/v7e-m+fp/hard\libc_nano.a(libc_a-findfp.o) (__sread)
C:/ST/STM32CubeIDE_1.15.1/STM32CubeIDE/plugins/com.st.stm32cube.ide.mcu.externaltools.gnu-tools-for-stm32.12.3.rel1.win32_1.0.100.202403111256/tools/bin/../lib/gcc/arm-none-eabi/12.3.1/../../../../arm-none-eabi/lib/thumb/v7e-m+fp/hard\libc_nano.a(libc_a-memset.o)
                              C:/ST/STM32CubeIDE_1.15.1/STM32CubeIDE/plugins/com.st.stm32cube.ide.mcu.externaltools.gnu-tools-for-stm32.12.3.rel1.win32_1.0.100.202403111256/tools/bin/../lib/gcc/arm-none-eabi/12.3.1/../../../../arm-none-eabi/lib/thumb/v7e-m+fp/hard/crt0.o (memset)
C:/ST/STM32CubeIDE_1.15.1/STM32CubeIDE/plugins/com.st.stm32cube.ide.mcu.externaltools.gnu-tools-for-stm32.12.3.rel1.win32_1.0.100.202403111256/tools/bin/../lib/gcc/arm-none-eabi/12.3.1/../../../../arm-none-eabi/lib/thumb/v7e-m+fp/hard\libc_nano.a(libc_a-closer.o)
                              C:/ST/STM32CubeIDE_1.15.1/STM32CubeIDE/plugins/com.st.stm32cube.ide.mcu.externaltools.gnu-tools-for-stm32.12.3.rel1.win32_1.0.100.202403111256/tools/bin/../lib/gcc/arm-none-eabi/12.3.1/../../../../arm-none-eabi/lib/thumb/v7e-m+fp/hard\libc_nano.a(libc_a-stdio.o) (_close_r)
C:/ST/STM32CubeIDE_1.15.1/STM32CubeIDE/plugins/com.st.stm32cube.ide.mcu.externaltools.gnu-tools-for-stm32.12.3.rel1.win32_1.0.100.202403111256/tools/bin/../lib/gcc/arm-none-eabi/12.3.1/../../../../arm-none-eabi/lib/thumb/v7e-m+fp/hard\libc_nano.a(libc_a-reent.o)
                              C:/ST/STM32CubeIDE_1.15.1/STM32CubeIDE/plugins/com.st.stm32cube.ide.mcu.externaltools.gnu-tools-for-stm32.12.3.rel1.win32_1.0.100.202403111256/tools/bin/../lib/gcc/arm-none-eabi/12.3.1/../../../../arm-none-eabi/lib/thumb/v7e-m+fp/hard\libc_nano.a(libc_a-closer.o) (errno)
C:/ST/STM32CubeIDE_1.15.1/STM32CubeIDE/plugins/com.st.stm32cube.ide.mcu.externaltools.gnu-tools-for-stm32.12.3.rel1.win32_1.0.100.202403111256/tools/bin/../lib/gcc/arm-none-eabi/12.3.1/../../../../arm-none-eabi/lib/thumb/v7e-m+fp/hard\libc_nano.a(libc_a-impure.o)
                              C:/ST/STM32CubeIDE_1.15.1/STM32CubeIDE/plugins/com.st.stm32cube.ide.mcu.externaltools.gnu-tools-for-stm32.12.3.rel1.win32_1.0.100.202403111256/tools/bin/../lib/gcc/arm-none-eabi/12.3.1/../../../../arm-none-eabi/lib/thumb/v7e-m+fp/hard\libc_nano.a(libc_a-reent.o) (_impure_ptr)
C:/ST/STM32CubeIDE_1.15.1/STM32CubeIDE/plugins/com.st.stm32cube.ide.mcu.externaltools.gnu-tools-for-stm32.12.3.rel1.win32_1.0.100.202403111256/tools/bin/../lib/gcc/arm-none-eabi/12.3.1/../../../../arm-none-eabi/lib/thumb/v7e-m+fp/hard\libc_nano.a(libc_a-lseekr.o)
[...]
Memory Configuration

Name             Origin             Length             Attributes
CCMRAM           0x10000000         0x00010000         xrw
RAM              0x20000000         0x00020000         xrw
FLASH            0x08000000         0x00100000         xr
*default*        0x00000000         0xffffffff

Linker script and memory map

LOAD C:/ST/STM32CubeIDE_1.15.1/STM32CubeIDE/plugins/com.st.stm32cube.ide.mcu.externaltools.gnu-tools-for-stm32.12.3.rel1.win32_1.0.100.202403111256/tools/bin/../lib/gcc/arm-none-eabi/12.3.1/thumb/v7e-m+fp/hard/crti.o
LOAD C:/ST/STM32CubeIDE_1.15.1/STM32CubeIDE/plugins/com.st.stm32cube.ide.mcu.externaltools.gnu-tools-for-stm32.12.3.rel1.win32_1.0.100.202403111256/tools/bin/../lib/gcc/arm-none-eabi/12.3.1/thumb/v7e-m+fp/hard/crtbegin.o
LOAD C:/ST/STM32CubeIDE_1.15.1/STM32CubeIDE/plugins/com.st.stm32cube.ide.mcu.externaltools.gnu-tools-for-stm32.12.3.rel1.win32_1.0.100.202403111256/tools/bin/../lib/gcc/arm-none-eabi/12.3.1/../../../../arm-none-eabi/lib/thumb/v7e-m+fp/hard/crt0.o
LOAD ./Core/Src/filter.o
LOAD ./Core/Src/lis3dsh.o
LOAD ./Core/Src/main.o
LOAD ./Core/Src/spi.o
LOAD ./Core/Src/stm32f4xx_hal_msp.o
LOAD ./Core/Src/stm32f4xx_it.o
LOAD ./Core/Src/syscalls.o
LOAD ./Core/Src/sysmem.o
LOAD ./Core/Src/system_stm32f4xx.o
LOAD ./Core/Startup/startup_stm32f407vgtx.o
LOAD ./Drivers/STM32F4xx_HAL_Driver/Src/stm32f4xx_hal.o
LOAD ./Drivers/STM32F4xx_HAL_Driver/Src/stm32f4xx_hal_cortex.o
LOAD ./Drivers/STM32F4xx_HAL_Driver/Src/stm32f4xx_hal_dma.o
LOAD ./Drivers/STM32F4xx_HAL_Driver/Src/stm32f4xx_hal_dma_ex.o
LOAD ./Drivers/STM32F4xx_HAL_Driver/Src/stm32f4xx_hal_exti.o
LOAD ./Drivers/STM32F4xx_HAL_Driver/Src/stm32f4xx_hal_flash.o
LOAD ./Drivers/STM32F4xx_HAL_Driver/Src/stm32f4xx_hal_flash_ex.o
LOAD ./Drivers/STM32F4xx_HAL_Driver/Src/stm32f4xx_hal_flash_ramfunc.o
LOAD ./Drivers/STM32F4xx_HAL_Driver/Src/stm32f4xx_hal_gpio.o
LOAD ./Drivers/STM32F4xx_HAL_Driver/Src/stm32f4xx_hal_hcd.o
LOAD ./Drivers/STM32F4xx_HAL_Driver/Src/stm32f4xx_hal_i2s.o
LOAD ./Drivers/STM32F4xx_HAL_Driver/Src/stm32f4xx_hal_i2s_ex.o
LOAD ./Drivers/STM32F4xx_HAL_Driver/Src/stm32f4xx_hal_pwr.o
LOAD ./Drivers/STM32F4xx_HAL_Driver/Src/stm32f4xx_hal_pwr_ex.o
LOAD ./Drivers/STM32F4xx_HAL_Driver/Src/stm32f4xx_hal_rcc.o
LOAD ./Drivers/STM32F4xx_HAL_Driver/Src/stm32f4xx_hal_rcc_ex.o
LOAD ./Drivers/STM32F4xx_HAL_Driver/Src/stm32f4xx_hal_spi.o
LOAD ./Drivers/STM32F4xx_HAL_Driver/Src/stm32f4xx_hal_tim.o
LOAD ./Drivers/STM32F4xx_HAL_Driver/Src/stm32f4xx_hal_tim_ex.o
LOAD ./Drivers/STM32F4xx_HAL_Driver/Src/stm32f4xx_ll_usb.o
START GROUP
LOAD C:/ST/STM32CubeIDE_1.15.1/STM32CubeIDE/plugins/com.st.stm32cube.ide.mcu.externaltools.gnu-tools-for-stm32.12.3.rel1.win32_1.0.100.202403111256/tools/bin/../lib/gcc/arm-none-eabi/12.3.1/../../../../arm-none-eabi/lib/thumb/v7e-m+fp/hard\libc_nano.a
LOAD C:/ST/STM32CubeIDE_1.15.1/STM32CubeIDE/plugins/com.st.stm32cube.ide.mcu.externaltools.gnu-tools-for-stm32.12.3.rel1.win32_1.0.100.202403111256/tools/bin/../lib/gcc/arm-none-eabi/12.3.1/../../../../arm-none-eabi/lib/thumb/v7e-m+fp/hard\libm.a
END GROUP
START GROUP
LOAD C:/ST/STM32CubeIDE_1.15.1/STM32CubeIDE/plugins/com.st.stm32cube.ide.mcu.externaltools.gnu-tools-for-stm32.12.3.rel1.win32_1.0.100.202403111256/tools/bin/../lib/gcc/arm-none-eabi/12.3.1/thumb/v7e-m+fp/hard\libgcc.a
LOAD C:/ST/STM32CubeIDE_1.15.1/STM32CubeIDE/plugins/com.st.stm32cube.ide.mcu.externaltools.gnu-tools-for-stm32.12.3.rel1.win32_1.0.100.202403111256/tools/bin/../lib/gcc/arm-none-eabi/12.3.1/../../../../arm-none-eabi/lib/thumb/v7e-m+fp/hard\libc_nano.a
END GROUP
START GROUP
LOAD C:/ST/STM32CubeIDE_1.15.1/STM32CubeIDE/plugins/com.st.stm32cube.ide.mcu.externaltools.gnu-tools-for-stm32.12.3.rel1.win32_1.0.100.202403111256/tools/bin/../lib/gcc/arm-none-eabi/12.3.1/thumb/v7e-m+fp/hard\libgcc.a
LOAD C:/ST/STM32CubeIDE_1.15.1/STM32CubeIDE/plugins/com.st.stm32cube.ide.mcu.externaltools.gnu-tools-for-stm32.12.3.rel1.win32_1.0.100.202403111256/tools/bin/../lib/gcc/arm-none-eabi/12.3.1/../../../../arm-none-eabi/lib/thumb/v7e-m+fp/hard\libc_nano.a
LOAD C:/ST/STM32CubeIDE_1.15.1/STM32CubeIDE/plugins/com.st.stm32cube.ide.mcu.externaltools.gnu-tools-for-stm32.12.3.rel1.win32_1.0.100.202403111256/tools/bin/../lib/gcc/arm-none-eabi/12.3.1/../../../../arm-none-eabi/lib/thumb/v7e-m+fp/hard\libnosys.a
END GROUP
START GROUP
LOAD C:/ST/STM32CubeIDE_1.15.1/STM32CubeIDE/plugins/com.st.stm32cube.ide.mcu.externaltools.gnu-tools-for-stm32.12.3.rel1.win32_1.0.100.202403111256/tools/bin/../lib/gcc/arm-none-eabi/12.3.1/thumb/v7e-m+fp/hard\libgcc.a
LOAD C:/ST/STM32CubeIDE_1.15.1/STM32CubeIDE/plugins/com.st.stm32cube.ide.mcu.externaltools.gnu-tools-for-stm32.12.3.rel1.win32_1.0.100.202403111256/tools/bin/../lib/gcc/arm-none-eabi/12.3.1/../../../../arm-none-eabi/lib/thumb/v7e-m+fp/hard\libc_nano.a
LOAD C:/ST/STM32CubeIDE_1.15.1/STM32CubeIDE/plugins/com.st.stm32cube.ide.mcu.externaltools.gnu-tools-for-stm32.12.3.rel1.win32_1.0.100.202403111256/tools/bin/../lib/gcc/arm-none-eabi/12.3.1/../../../../arm-none-eabi/lib/thumb/v7e-m+fp/hard\libnosys.a
END GROUP
LOAD C:/ST/STM32CubeIDE_1.15.1/STM32CubeIDE/plugins/com.st.stm32cube.ide.mcu.externaltools.gnu-tools-for-stm32.12.3.rel1.win32_1.0.100.202403111256/tools/bin/../lib/gcc/arm-none-eabi/12.3.1/thumb/v7e-m+fp/hard/crtend.o
LOAD C:/ST/STM32CubeIDE_1.15.1/STM32CubeIDE/plugins/com.st.stm32cube.ide.mcu.externaltools.gnu-tools-for-stm32.12.3.rel1.win32_1.0.100.202403111256/tools/bin/../lib/gcc/arm-none-eabi/12.3.1/thumb/v7e-m+fp/hard/crtn.o
                0x20020000                        _estack = (ORIGIN (RAM) + LENGTH (RAM))
                0x00000200                        _Min_Heap_Size = 0x200
                0x00000400                        _Min_Stack_Size = 0x400

.isr_vector     0x08000000      0x188
                0x08000000                        . = ALIGN (0x4)
 *(.isr_vector)
 .isr_vector    0x08000000      0x188 ./Core/Startup/startup_stm32f407vgtx.o
                0x08000000                g_pfnVectors
                0x08000188                        . = ALIGN (0x4)

.text           0x08000188     0x445c
                0x08000188                        . = ALIGN (0x4)
 *(.text)
 .text          0x08000188       0x40 C:/ST/STM32CubeIDE_1.15.1/STM32CubeIDE/plugins/com.st.stm32cube.ide.mcu.externaltools.gnu-tools-for-stm32.12.3.rel1.win32_1.0.100.202403111256/tools/bin/../lib/gcc/arm-none-eabi/12.3.1/thumb/v7e-m+fp/hard/crtbegin.o
 .text          0x080001c8       0x30 C:/ST/STM32CubeIDE_1.15.1/STM32CubeIDE/plugins/com.st.stm32cube.ide.mcu.externaltools.gnu-tools-for-stm32.12.3.rel1.win32_1.0.100.202403111256/tools/bin/../lib/gcc/arm-none-eabi/12.3.1/thumb/v7e-m+fp/hard\libgcc.a(_aeabi_uldivmod.o)
                0x080001c8                __aeabi_uldivmod
 .text          0x080001f8      0x2bc C:/ST/STM32CubeIDE_1.15.1/STM32CubeIDE/plugins/com.st.stm32cube.ide.mcu.externaltools.gnu-tools-for-stm32.12.3.rel1.win32_1.0.100.202403111256/tools/bin/../lib/gcc/arm-none-eabi/12.3.1/thumb/v7e-m+fp/hard\libgcc.a(_udivmoddi4.o)
                0x080001f8                __udivmoddi4
 .text          0x080004b4        0x4 C:/ST/STM32CubeIDE_1.15.1/STM32CubeIDE/plugins/com.st.stm32cube.ide.mcu.externaltools.gnu-tools-for-stm32.12.3.rel1.win32_1.0.100.202403111256/tools/bin/../lib/gcc/arm-none-eabi/12.3.1/thumb/v7e-m+fp/hard\libgcc.a(_dvmd_tls.o)
                0x080004b4                __aeabi_idiv0
                0x080004b4                __aeabi_ldiv0
 *(.text*)
 .text.AverageFilter
                0x080004b8      0x112 ./Core/Src/filter.o
                0x080004b8                AverageFilter
 .text.LIS3DSH_Init
                0x080005ca       0x32 ./Core/Src/lis3dsh.o
                0x080005ca                LIS3DSH_Init
 .text.LIS3DSH_Read_Reg
                0x080005fc       0x38 ./Core/Src/lis3dsh.o
                0x080005fc                LIS3DSH_Read_Reg
 .text.LIS3DSH_Write_Reg
                0x08000634       0xc2 ./Core/Src/lis3dsh.o
                0x08000634                LIS3DSH_Write_Reg
 .text.LIS3DSH_Reg_Set_Ctrl3
                0x080006f6       0xd8 ./Core/Src/lis3dsh.o
                0x080006f6                LIS3DSH_Reg_Set_Ctrl3
 .text.LIS3DSH_Reg_Set_Ctrl4
                0x080007ce       0xa8 ./Core/Src/lis3dsh.o
                0x080007ce                LIS3DSH_Reg_Set_Ctrl4
 .text.LIS3DSH_Reg_Set_Ctrl5
                0x08000876       0x9a ./Core/Src/lis3dsh.o
                0x08000876                LIS3DSH_Reg_Set_Ctrl5
 .text.LIS3DSH_Reg_Set_Ctrl6
                0x08000910       0xf0 ./Core/Src/lis3dsh.o
                0x08000910                LIS3DSH_Reg_Set_Ctrl6
 .text.LIS3DSH_AccalometerSoftReset
                0x08000a00       0x2e ./Core/Src/lis3dsh.o
                0x08000a00                LIS3DSH_AccalometerSoftReset
 .text.LIS3DSH_CTRL_WRITE_DATA_IS_CORRECT
                0x08000a2e       0x38 ./Core/Src/lis3dsh.o
                0x08000a2e                LIS3DSH_CTRL_WRITE_DATA_IS_CORRECT
 .text.LIS3DSH_Read_Accmeter_Data
                0x08000a66      0x112 ./Core/Src/lis3dsh.o
                0x08000a66                LIS3DSH_Read_Accmeter_Data
 .text.LIS3DSH_Read_Temperature_Data
                0x08000b78       0x4e ./Core/Src/lis3dsh.o
                0x08000b78                LIS3DSH_Read_Temperature_Data
 *fill*         0x08000bc6        0x2 
 .text.LIS3DSH_ConvertData
                0x08000bc8       0xc8 ./Core/Src/lis3dsh.o
                0x08000bc8                LIS3DSH_ConvertData
 .text.main     0x08000c90      0x1e8 ./Core/Src/main.o
                0x08000c90                main
 .text.SystemClock_Config
                0x08000e78       0xd4 ./Core/Src/main.o
                0x08000e78                SystemClock_Config
 .text.MX_NVIC_Init
                0x08000f4c       0x18 ./Core/Src/main.o
 .text.MX_I2S3_Init
                0x08000f64       0x60 ./Core/Src/main.o
 .text.MX_SPI1_Init
                0x08000fc4       0x6c ./Core/Src/main.o
 .text.MX_USB_OTG_FS_HCD_Init
                0x08001030       0x44 ./Core/Src/main.o
 .text.MX_GPIO_Init
                0x08001074      0x228 ./Core/Src/main.o
 .text.HAL_GPIO_EXTI_Callback
                0x0800129c       0x28 ./Core/Src/main.o
                0x0800129c                HAL_GPIO_EXTI_Callback
 .text.Error_Handler
                0x080012c4        0xc ./Core/Src/main.o
                0x080012c4                Error_Handler
 .text.SPI_TransmitReceive
                0x080012d0       0x5c ./Core/Src/spi.o
                0x080012d0                SPI_TransmitReceive
 .text.SPI_Com_Active
                0x0800132c       0x24 ./Core/Src/spi.o
                0x0800132c                SPI_Com_Active
 .text.SPI_Com_Deactive
                0x08001350       0x24 ./Core/Src/spi.o
                0x08001350                SPI_Com_Deactive
 .text.HAL_MspInit
                0x08001374       0x60 ./Core/Src/stm32f4xx_hal_msp.o
                0x08001374                HAL_MspInit
 .text.HAL_I2S_MspInit
                0x080013d4      0x100 ./Core/Src/stm32f4xx_hal_msp.o
                0x080013d4                HAL_I2S_MspInit
 .text.HAL_SPI_MspInit
                0x080014d4       0xa0 ./Core/Src/stm32f4xx_hal_msp.o
                0x080014d4                HAL_SPI_MspInit
 .text.HAL_HCD_MspInit
                0x08001574       0xb4 ./Core/Src/stm32f4xx_hal_msp.o
                0x08001574                HAL_HCD_MspInit
 .text.NMI_Handler
                0x08001628        0x8 ./Core/Src/stm32f4xx_it.o
                0x08001628                NMI_Handler
 .text.HardFault_Handler
                0x08001630        0x8 ./Core/Src/stm32f4xx_it.o
                0x08001630                HardFault_Handler
 .text.MemManage_Handler
                0x08001638        0x8 ./Core/Src/stm32f4xx_it.o
                0x08001638                MemManage_Handler
 .text.BusFault_Handler
                0x08001640        0x8 ./Core/Src/stm32f4xx_it.o
                0x08001640                BusFault_Handler
 .text.UsageFault_Handler
                0x08001648        0x8 ./Core/Src/stm32f4xx_it.o
                0x08001648                UsageFault_Handler
 .text.SVC_Handler
                0x08001650        0xe ./Core/Src/stm32f4xx_it.o
                0x08001650                SVC_Handler
 .text.DebugMon_Handler
                0x0800165e        0xe ./Core/Src/stm32f4xx_it.o
                0x0800165e                DebugMon_Handler
 .text.PendSV_Handler
                0x0800166c        0xe ./Core/Src/stm32f4xx_it.o
                0x0800166c                PendSV_Handler
 .text.SysTick_Handler
                0x0800167a        0xc ./Core/Src/stm32f4xx_it.o
                0x0800167a                SysTick_Handler
 .text.RCC_IRQHandler
                0x08001686        0xe ./Core/Src/stm32f4xx_it.o
                0x08001686                RCC_IRQHandler
 .text.EXTI0_IRQHandler
                0x08001694        0xe ./Core/Src/stm32f4xx_it.o
                0x08001694                EXTI0_IRQHandler
 .text.EXTI1_IRQHandler
                0x080016a2        0xe ./Core/Src/stm32f4xx_it.o
                0x080016a2                EXTI1_IRQHandler
 .text.SPI1_IRQHandler
                0x080016b0       0x14 ./Core/Src/stm32f4xx_it.o
                0x080016b0                SPI1_IRQHandler
 .text.SystemInit
                0x080016c4       0x24 ./Core/Src/system_stm32f4xx.o
                0x080016c4                SystemInit
 .text.Reset_Handler
                0x080016e8       0x50 ./Core/Startup/startup_stm32f407vgtx.o
                0x080016e8                Reset_Handler
 .text.Default_Handler
                0x08001738        0x2 ./Core/Startup/startup_stm32f407vgtx.o
                0x08001738                RTC_Alarm_IRQHandler
                0x08001738                HASH_RNG_IRQHandler
                0x08001738                EXTI2_IRQHandler
                0x08001738                TIM8_CC_IRQHandler
                0x08001738                TIM1_CC_IRQHandler
                0x08001738                DMA2_Stream5_IRQHandler
                0x08001738                DMA1_Stream5_IRQHandler
                0x08001738                PVD_IRQHandler
                0x08001738                SDIO_IRQHandler
                0x08001738                TAMP_STAMP_IRQHandler
                0x08001738                CAN2_RX1_IRQHandler
                0x08001738                EXTI3_IRQHandler
                0x08001738                TIM8_TRG_COM_TIM14_IRQHandler
                0x08001738                TIM1_UP_TIM10_IRQHandler
                0x08001738                TIM8_UP_TIM13_IRQHandler
                0x08001738                I2C3_ER_IRQHandler
                0x08001738                I2C2_EV_IRQHandler
                0x08001738                DMA1_Stream2_IRQHandler
                0x08001738                CAN1_RX0_IRQHandler
                0x08001738                FPU_IRQHandler
                0x08001738                OTG_HS_WKUP_IRQHandler
                0x08001738                CAN2_SCE_IRQHandler
                0x08001738                DMA2_Stream2_IRQHandler
                0x08001738                TIM6_DAC_IRQHandler
                0x08001738                TIM1_BRK_TIM9_IRQHandler
                0x08001738                DCMI_IRQHandler
                0x08001738                CAN2_RX0_IRQHandler
                0x08001738                DMA2_Stream3_IRQHandler
                0x08001738                USART6_IRQHandler
                0x08001738                USART3_IRQHandler
                0x08001738                CAN1_RX1_IRQHandler
                0x08001738                UART5_IRQHandler
                0x08001738                DMA2_Stream0_IRQHandler
                0x08001738                TIM4_IRQHandler
                0x08001738                I2C1_EV_IRQHandler
                0x08001738                DMA1_Stream6_IRQHandler
                0x08001738                DMA1_Stream1_IRQHandler
                0x08001738                UART4_IRQHandler
                0x08001738                TIM3_IRQHandler
                0x08001738                TIM8_BRK_TIM12_IRQHandler
                0x08001738                Default_Handler
                0x08001738                EXTI15_10_IRQHandler
                0x08001738                ADC_IRQHandler
                0x08001738                DMA1_Stream7_IRQHandler
                0x08001738                TIM7_IRQHandler
                0x08001738                CAN2_TX_IRQHandler
                0x08001738                TIM5_IRQHandler
                0x08001738                DMA2_Stream7_IRQHandler
                0x08001738                I2C3_EV_IRQHandler
                0x08001738                EXTI9_5_IRQHandler
                0x08001738                RTC_WKUP_IRQHandler
                0x08001738                ETH_WKUP_IRQHandler
                0x08001738                SPI2_IRQHandler
                0x08001738                OTG_HS_EP1_IN_IRQHandler
                0x08001738                DMA1_Stream0_IRQHandler
                0x08001738                CAN1_TX_IRQHandler
                0x08001738                EXTI4_IRQHandler
                0x08001738                FSMC_IRQHandler
                0x08001738                ETH_IRQHandler
                0x08001738                OTG_HS_EP1_OUT_IRQHandler
                0x08001738                WWDG_IRQHandler
                0x08001738                TIM2_IRQHandler
                0x08001738                OTG_FS_WKUP_IRQHandler
                0x08001738                TIM1_TRG_COM_TIM11_IRQHandler
                0x08001738                OTG_HS_IRQHandler
                0x08001738                USART2_IRQHandler
                0x08001738                I2C2_ER_IRQHandler
                0x08001738                DMA2_Stream1_IRQHandler
                0x08001738                CAN1_SCE_IRQHandler
                0x08001738                FLASH_IRQHandler
                0x08001738                DMA2_Stream4_IRQHandler
                0x08001738                USART1_IRQHandler
                0x08001738                OTG_FS_IRQHandler
                0x08001738                SPI3_IRQHandler
                0x08001738                DMA1_Stream4_IRQHandler
                0x08001738                I2C1_ER_IRQHandler
                0x08001738                DMA2_Stream6_IRQHandler
                0x08001738                DMA1_Stream3_IRQHandler
 *fill*         0x0800173a        0x2 
 .text.HAL_Init
                0x0800173c       0x44 ./Drivers/STM32F4xx_HAL_Driver/Src/stm32f4xx_hal.o
                0x0800173c                HAL_Init
 .text.HAL_InitTick
                0x08001780       0x60 ./Drivers/STM32F4xx_HAL_Driver/Src/stm32f4xx_hal.o
                0x08001780                HAL_InitTick
 .text.HAL_IncTick
                0x080017e0       0x28 ./Drivers/STM32F4xx_HAL_Driver/Src/stm32f4xx_hal.o
                0x080017e0                HAL_IncTick
 .text.HAL_GetTick
                0x08001808       0x18 ./Drivers/STM32F4xx_HAL_Driver/Src/stm32f4xx_hal.o
                0x08001808                HAL_GetTick
 .text.HAL_Delay
                0x08001820       0x48 ./Drivers/STM32F4xx_HAL_Driver/Src/stm32f4xx_hal.o
                0x08001820                HAL_Delay
 .text.__NVIC_SetPriorityGrouping
                0x08001868       0x48 ./Drivers/STM32F4xx_HAL_Driver/Src/stm32f4xx_hal_cortex.o
 .text.__NVIC_GetPriorityGrouping
                0x080018b0       0x1c ./Drivers/STM32F4xx_HAL_Driver/Src/stm32f4xx_hal_cortex.o
 .text.__NVIC_EnableIRQ
                0x080018cc       0x3c ./Drivers/STM32F4xx_HAL_Driver/Src/stm32f4xx_hal_cortex.o
 .text.__NVIC_SetPriority
                0x08001908       0x54 ./Drivers/STM32F4xx_HAL_Driver/Src/stm32f4xx_hal_cortex.o
 .text.NVIC_EncodePriority
                0x0800195c       0x66 ./Drivers/STM32F4xx_HAL_Driver/Src/stm32f4xx_hal_cortex.o
 *fill*         0x080019c2        0x2 
 .text.SysTick_Config
                0x080019c4       0x44 ./Drivers/STM32F4xx_HAL_Driver/Src/stm32f4xx_hal_cortex.o
 .text.HAL_NVIC_SetPriorityGrouping
                0x08001a08       0x16 ./Drivers/STM32F4xx_HAL_Driver/Src/stm32f4xx_hal_cortex.o
                0x08001a08                HAL_NVIC_SetPriorityGrouping
 .text.HAL_NVIC_SetPriority
                0x08001a1e       0x38 ./Drivers/STM32F4xx_HAL_Driver/Src/stm32f4xx_hal_cortex.o
                0x08001a1e                HAL_NVIC_SetPriority
 .text.HAL_NVIC_EnableIRQ
                0x08001a56       0x1c ./Drivers/STM32F4xx_HAL_Driver/Src/stm32f4xx_hal_cortex.o
                0x08001a56                HAL_NVIC_EnableIRQ
 .text.HAL_SYSTICK_Config
                0x08001a72       0x18 ./Drivers/STM32F4xx_HAL_Driver/Src/stm32f4xx_hal_cortex.o
                0x08001a72                HAL_SYSTICK_Config
 .text.HAL_DMA_Abort_IT
                0x08001a8a       0x44 ./Drivers/STM32F4xx_HAL_Driver/Src/stm32f4xx_hal_dma.o
                0x08001a8a                HAL_DMA_Abort_IT
 *fill*         0x08001ace        0x2 
 .text.HAL_GPIO_Init
                0x08001ad0      0x338 ./Drivers/STM32F4xx_HAL_Driver/Src/stm32f4xx_hal_gpio.o
                0x08001ad0                HAL_GPIO_Init
 .text.HAL_GPIO_WritePin
                0x08001e08       0x32 ./Drivers/STM32F4xx_HAL_Driver/Src/stm32f4xx_hal_gpio.o
                0x08001e08                HAL_GPIO_WritePin
 *fill*         0x08001e3a        0x2 
 .text.HAL_GPIO_EXTI_IRQHandler
                0x08001e3c       0x30 ./Drivers/STM32F4xx_HAL_Driver/Src/stm32f4xx_hal_gpio.o
                0x08001e3c                HAL_GPIO_EXTI_IRQHandler
 .text.HAL_HCD_Init
                0x08001e6c       0xc4 ./Drivers/STM32F4xx_HAL_Driver/Src/stm32f4xx_hal_hcd.o
                0x08001e6c                HAL_HCD_Init
 .text.HAL_I2S_Init
                0x08001f30      0x280 ./Drivers/STM32F4xx_HAL_Driver/Src/stm32f4xx_hal_i2s.o
                0x08001f30                HAL_I2S_Init
 .text.HAL_I2S_TxCpltCallback
                0x080021b0       0x14 ./Drivers/STM32F4xx_HAL_Driver/Src/stm32f4xx_hal_i2s.o
                0x080021b0                HAL_I2S_TxCpltCallback
 .text.HAL_I2S_RxCpltCallback
                0x080021c4       0x14 ./Drivers/STM32F4xx_HAL_Driver/Src/stm32f4xx_hal_i2s.o
                0x080021c4                HAL_I2S_RxCpltCallback
 .text.HAL_I2S_ErrorCallback
                0x080021d8       0x14 ./Drivers/STM32F4xx_HAL_Driver/Src/stm32f4xx_hal_i2s.o
                0x080021d8                HAL_I2S_ErrorCallback
 .text.I2S_Transmit_IT
                0x080021ec       0x5c ./Drivers/STM32F4xx_HAL_Driver/Src/stm32f4xx_hal_i2s.o
 .text.I2S_Receive_IT
                0x08002248       0x5e ./Drivers/STM32F4xx_HAL_Driver/Src/stm32f4xx_hal_i2s.o
 .text.I2S_IRQHandler
                0x080022a6      0x114 ./Drivers/STM32F4xx_HAL_Driver/Src/stm32f4xx_hal_i2s.o
 *fill*         0x080023ba        0x2 
 .text.HAL_I2SEx_FullDuplex_IRQHandler
                0x080023bc      0x2a8 ./Drivers/STM32F4xx_HAL_Driver/Src/stm32f4xx_hal_i2s_ex.o
                0x080023bc                HAL_I2SEx_FullDuplex_IRQHandler
 .text.HAL_I2SEx_TxRxCpltCallback
                0x08002664       0x14 ./Drivers/STM32F4xx_HAL_Driver/Src/stm32f4xx_hal_i2s_ex.o
                0x08002664                HAL_I2SEx_TxRxCpltCallback
 .text.I2SEx_TxISR_I2S
                0x08002678       0x62 ./Drivers/STM32F4xx_HAL_Driver/Src/stm32f4xx_hal_i2s_ex.o
 *fill*         0x080026da        0x2 
 .text.I2SEx_TxISR_I2SExt
                0x080026dc       0x98 ./Drivers/STM32F4xx_HAL_Driver/Src/stm32f4xx_hal_i2s_ex.o
 .text.I2SEx_RxISR_I2S
                0x08002774       0x64 ./Drivers/STM32F4xx_HAL_Driver/Src/stm32f4xx_hal_i2s_ex.o
 .text.I2SEx_RxISR_I2SExt
                0x080027d8       0x98 ./Drivers/STM32F4xx_HAL_Driver/Src/stm32f4xx_hal_i2s_ex.o
 .text.HAL_RCC_OscConfig
                0x08002870      0x4f0 ./Drivers/STM32F4xx_HAL_Driver/Src/stm32f4xx_hal_rcc.o
                0x08002870                HAL_RCC_OscConfig
 .text.HAL_RCC_ClockConfig
                0x08002d60      0x1cc ./Drivers/STM32F4xx_HAL_Driver/Src/stm32f4xx_hal_rcc.o
                0x08002d60                HAL_RCC_ClockConfig
 .text.HAL_RCC_GetSysClockFreq
                0x08002f2c      0x20c ./Drivers/STM32F4xx_HAL_Driver/Src/stm32f4xx_hal_rcc.o
                0x08002f2c                HAL_RCC_GetSysClockFreq
 .text.HAL_RCCEx_PeriphCLKConfig
                0x08003138      0x1c4 ./Drivers/STM32F4xx_HAL_Driver/Src/stm32f4xx_hal_rcc_ex.o
                0x08003138                HAL_RCCEx_PeriphCLKConfig
 .text.HAL_RCCEx_GetPeriphCLKFreq
                0x080032fc       0xbc ./Drivers/STM32F4xx_HAL_Driver/Src/stm32f4xx_hal_rcc_ex.o
                0x080032fc                HAL_RCCEx_GetPeriphCLKFreq
 .text.HAL_SPI_Init
                0x080033b8      0x112 ./Drivers/STM32F4xx_HAL_Driver/Src/stm32f4xx_hal_spi.o
                0x080033b8                HAL_SPI_Init
 .text.HAL_SPI_Transmit
                0x080034ca      0x278 ./Drivers/STM32F4xx_HAL_Driver/Src/stm32f4xx_hal_spi.o
                0x080034ca                HAL_SPI_Transmit
 .text.HAL_SPI_Receive
                0x08003742      0x222 ./Drivers/STM32F4xx_HAL_Driver/Src/stm32f4xx_hal_spi.o
                0x08003742                HAL_SPI_Receive
 .text.HAL_SPI_TransmitReceive
                0x08003964      0x344 ./Drivers/STM32F4xx_HAL_Driver/Src/stm32f4xx_hal_spi.o
                0x08003964                HAL_SPI_TransmitReceive
 .text.HAL_SPI_IRQHandler
                0x08003ca8      0x1e8 ./Drivers/STM32F4xx_HAL_Driver/Src/stm32f4xx_hal_spi.o
                0x08003ca8                HAL_SPI_IRQHandler
 .text.HAL_SPI_ErrorCallback
                0x08003e90       0x14 ./Drivers/STM32F4xx_HAL_Driver/Src/stm32f4xx_hal_spi.o
                0x08003e90                HAL_SPI_ErrorCallback
 .text.SPI_DMAAbortOnError
                0x08003ea4       0x28 ./Drivers/STM32F4xx_HAL_Driver/Src/stm32f4xx_hal_spi.o
 .text.SPI_WaitFlagStateUntilTimeout
                0x08003ecc      0x110 ./Drivers/STM32F4xx_HAL_Driver/Src/stm32f4xx_hal_spi.o
 .text.SPI_EndRxTransaction
                0x08003fdc       0xca ./Drivers/STM32F4xx_HAL_Driver/Src/stm32f4xx_hal_spi.o
 *fill*         0x080040a6        0x2 
 .text.SPI_EndRxTxTransaction
                0x080040a8       0x84 ./Drivers/STM32F4xx_HAL_Driver/Src/stm32f4xx_hal_spi.o
 .text.USB_CoreInit
                0x0800412c       0xc2 ./Drivers/STM32F4xx_HAL_Driver/Src/stm32f4xx_ll_usb.o
                0x0800412c                USB_CoreInit
 .text.USB_DisableGlobalInt
                0x080041ee       0x22 ./Drivers/STM32F4xx_HAL_Driver/Src/stm32f4xx_ll_usb.o
                0x080041ee                USB_DisableGlobalInt
 .text.USB_SetCurrentMode
                0x08004210       0x98 ./Drivers/STM32F4xx_HAL_Driver/Src/stm32f4xx_ll_usb.o
                0x08004210                USB_SetCurrentMode
 .text.USB_FlushTxFifo
                0x080042a8       0x68 ./Drivers/STM32F4xx_HAL_Driver/Src/stm32f4xx_ll_usb.o
                0x080042a8                USB_FlushTxFifo
 .text.USB_FlushRxFifo
                0x08004310       0x60 ./Drivers/STM32F4xx_HAL_Driver/Src/stm32f4xx_ll_usb.o
                0x08004310                USB_FlushRxFifo
 .text.USB_GetMode
                0x08004370       0x1c ./Drivers/STM32F4xx_HAL_Driver/Src/stm32f4xx_ll_usb.o
                0x08004370                USB_GetMode
 .text.USB_CoreReset
                0x0800438c       0x68 ./Drivers/STM32F4xx_HAL_Driver/Src/stm32f4xx_ll_usb.o
 .text.USB_HostInit
                0x080043f4      0x180 ./Drivers/STM32F4xx_HAL_Driver/Src/stm32f4xx_ll_usb.o
                0x080043f4                USB_HostInit
 .text.memset   0x08004574       0x10 C:/ST/STM32CubeIDE_1.15.1/STM32CubeIDE/plugins/com.st.stm32cube.ide.mcu.externaltools.gnu-tools-for-stm32.12.3.rel1.win32_1.0.100.202403111256/tools/bin/../lib/gcc/arm-none-eabi/12.3.1/../../../../arm-none-eabi/lib/thumb/v7e-m+fp/hard\libc_nano.a(libc_a-memset.o)
                0x08004574                memset
 .text.__libc_init_array
                0x08004584       0x48 C:/ST/STM32CubeIDE_1.15.1/STM32CubeIDE/plugins/com.st.stm32cube.ide.mcu.externaltools.gnu-tools-for-stm32.12.3.rel1.win32_1.0.100.202403111256/tools/bin/../lib/gcc/arm-none-eabi/12.3.1/../../../../arm-none-eabi/lib/thumb/v7e-m+fp/hard\libc_nano.a(libc_a-init.o)
                0x08004584                __libc_init_array
 *(.glue_7)
 .glue_7        0x080045cc        0x0 linker stubs
 *(.glue_7t)
 .glue_7t       0x080045cc        0x0 linker stubs
 *(.eh_frame)
 .eh_frame      0x080045cc        0x0 C:/ST/STM32CubeIDE_1.15.1/STM32CubeIDE/plugins/com.st.stm32cube.ide.mcu.externaltools.gnu-tools-for-stm32.12.3.rel1.win32_1.0.100.202403111256/tools/bin/../lib/gcc/arm-none-eabi/12.3.1/thumb/v7e-m+fp/hard/crtbegin.o
 *(.init)
 .init          0x080045cc        0x4 C:/ST/STM32CubeIDE_1.15.1/STM32CubeIDE/plugins/com.st.stm32cube.ide.mcu.externaltools.gnu-tools-for-stm32.12.3.rel1.win32_1.0.100.202403111256/tools/bin/../lib/gcc/arm-none-eabi/12.3.1/thumb/v7e-m+fp/hard/crti.o
                0x080045cc                _init
 .init          0x080045d0        0x8 C:/ST/STM32CubeIDE_1.15.1/STM32CubeIDE/plugins/com.st.stm32cube.ide.mcu.externaltools.gnu-tools-for-stm32.12.3.rel1.win32_1.0.100.202403111256/tools/bin/../lib/gcc/arm-none-eabi/12.3.1/thumb/v7e-m+fp/hard/crtn.o
 *(.fini)
 .fini          0x080045d8        0x4 C:/ST/STM32CubeIDE_1.15.1/STM32CubeIDE/plugins/com.st.stm32cube.ide.mcu.externaltools.gnu-tools-for-stm32.12.3.rel1.win32_1.0.100.202403111256/tools/bin/../lib/gcc/arm-none-eabi/12.3.1/thumb/v7e-m+fp/hard/crti.o
                0x080045d8                _fini
 .fini          0x080045dc        0x8 C:/ST/STM32CubeIDE_1.15.1/STM32CubeIDE/plugins/com.st.stm32cube.ide.mcu.externaltools.gnu-tools-for-stm32.12.3.rel1.win32_1.0.100.202403111256/tools/bin/../lib/gcc/arm-none-eabi/12.3.1/thumb/v7e-m+fp/hard/crtn.o
                0x080045e4                        . = ALIGN (0x4)
                0x080045e4                        _etext = .

.vfp11_veneer   0x080045e4        0x0
 .vfp11_veneer  0x080045e4        0x0 linker stubs

.v4_bx          0x080045e4        0x0
 .v4_bx         0x080045e4        0x0 linker stubs

.iplt           0x080045e4        0x0
 .iplt          0x080045e4        0x0 C:/ST/STM32CubeIDE_1.15.1/STM32CubeIDE/plugins/com.st.stm32cube.ide.mcu.externaltools.gnu-tools-for-stm32.12.3.rel1.win32_1.0.100.202403111256/tools/bin/../lib/gcc/arm-none-eabi/12.3.1/thumb/v7e-m+fp/hard/crtbegin.o

.rodata         0x080045e4       0x10
                0x080045e4                        . = ALIGN (0x4)
 *(.rodata)
 *(.rodata*)
 .rodata.AHBPrescTable
                0x080045e4       0x10 ./Core/Src/system_stm32f4xx.o
                0x080045e4                AHBPrescTable
                0x080045f4                        . = ALIGN (0x4)

.ARM.extab      0x080045f4        0x0
                0x080045f4                        . = ALIGN (0x4)
 *(.ARM.extab* .gnu.linkonce.armextab.*)
                0x080045f4                        . = ALIGN (0x4)

.ARM            0x080045f4        0x8
                0x080045f4                        . = ALIGN (0x4)
                0x080045f4                        __exidx_start = .
 *(.ARM.exidx*)
 .ARM.exidx     0x080045f4        0x8 C:/ST/STM32CubeIDE_1.15.1/STM32CubeIDE/plugins/com.st.stm32cube.ide.mcu.externaltools.gnu-tools-for-stm32.12.3.rel1.win32_1.0.100.202403111256/tools/bin/../lib/gcc/arm-none-eabi/12.3.1/thumb/v7e-m+fp/hard\libgcc.a(_udivmoddi4.o)
                0x080045fc                        __exidx_end = .
                0x080045fc                        . = ALIGN (0x4)

.rel.dyn        0x080045fc        0x0
 .rel.iplt      0x080045fc        0x0 C:/ST/STM32CubeIDE_1.15.1/STM32CubeIDE/plugins/com.st.stm32cube.ide.mcu.externaltools.gnu-tools-for-stm32.12.3.rel1.win32_1.0.100.202403111256/tools/bin/../lib/gcc/arm-none-eabi/12.3.1/thumb/v7e-m+fp/hard/crtbegin.o

.preinit_array  0x080045fc        0x0
                0x080045fc                        . = ALIGN (0x4)
                0x080045fc                        PROVIDE (__preinit_array_start = .)
 *(.preinit_array*)
                0x080045fc                        PROVIDE (__preinit_array_end = .)
                0x080045fc                        . = ALIGN (0x4)

.init_array     0x080045fc        0x4
                0x080045fc                        . = ALIGN (0x4)
                0x080045fc                        PROVIDE (__init_array_start = .)
 *(SORT_BY_NAME(.init_array.*))
 *(.init_array*)
 .init_array    0x080045fc        0x4 C:/ST/STM32CubeIDE_1.15.1/STM32CubeIDE/plugins/com.st.stm32cube.ide.mcu.externaltools.gnu-tools-for-stm32.12.3.rel1.win32_1.0.100.202403111256/tools/bin/../lib/gcc/arm-none-eabi/12.3.1/thumb/v7e-m+fp/hard/crtbegin.o
                0x08004600                        PROVIDE (__init_array_end = .)
                0x08004600                        . = ALIGN (0x4)

.fini_array     0x08004600        0x4
                0x08004600                        . = ALIGN (0x4)
                [!provide]                        PROVIDE (__fini_array_start = .)
 *(SORT_BY_NAME(.fini_array.*))
 *(.fini_array*)
 .fini_array    0x08004600        0x4 C:/ST/STM32CubeIDE_1.15.1/STM32CubeIDE/plugins/com.st.stm32cube.ide.mcu.externaltools.gnu-tools-for-stm32.12.3.rel1.win32_1.0.100.202403111256/tools/bin/../lib/gcc/arm-none-eabi/12.3.1/thumb/v7e-m+fp/hard/crtbegin.o
                [!provide]                        PROVIDE (__fini_array_end = .)
                0x08004604                        . = ALIGN (0x4)
                0x08004604                        _sidata = LOADADDR (.data)

.data           0x20000000        0xc load address 0x08004604
                0x20000000                        . = ALIGN (0x4)
                0x20000000                        _sdata = .
 *(.data)
 *(.data*)
 .data.SystemCoreClock
                0x20000000        0x4 ./Core/Src/system_stm32f4xx.o
                0x20000000                SystemCoreClock
 .data.uwTickPrio
                0x20000004        0x4 ./Drivers/STM32F4xx_HAL_Driver/Src/stm32f4xx_hal.o
                0x20000004                uwTickPrio
 .data.uwTickFreq
                0x20000008        0x1 ./Drivers/STM32F4xx_HAL_Driver/Src/stm32f4xx_hal.o
                0x20000008                uwTickFreq
 *(.RamFunc)
 *(.RamFunc*)
                0x2000000c                        . = ALIGN (0x4)
 *fill*         0x20000009        0x3 
                0x2000000c                        _edata = .
                0x08004610                        _siccmram = LOADADDR (.ccmram)

.igot.plt       0x2000000c        0x0 load address 0x08004610
 .igot.plt      0x2000000c        0x0 C:/ST/STM32CubeIDE_1.15.1/STM32CubeIDE/plugins/com.st.stm32cube.ide.mcu.externaltools.gnu-tools-for-stm32.12.3.rel1.win32_1.0.100.202403111256/tools/bin/../lib/gcc/arm-none-eabi/12.3.1/thumb/v7e-m+fp/hard/crtbegin.o

.ccmram         0x10000000        0x0 load address 0x08004610
                0x10000000                        . = ALIGN (0x4)
                0x10000000                        _sccmram = .
 *(.ccmram)
 *(.ccmram*)
                0x10000000                        . = ALIGN (0x4)
                0x10000000                        _eccmram = .
                0x10000000                        . = ALIGN (0x4)

.bss            0x20000010      0xa2c
                0x20000010                        _sbss = .
                0x20000010                        __bss_start__ = _sbss
 *(.bss)
 .bss           0x20000010       0x1c C:/ST/STM32CubeIDE_1.15.1/STM32CubeIDE/plugins/com.st.stm32cube.ide.mcu.externaltools.gnu-tools-for-stm32.12.3.rel1.win32_1.0.100.202403111256/tools/bin/../lib/gcc/arm-none-eabi/12.3.1/thumb/v7e-m+fp/hard/crtbegin.o
 *(.bss*)
 .bss.hi2s3     0x2000002c       0x48 ./Core/Src/main.o
                0x2000002c                hi2s3
 .bss.hspi1     0x20000074       0x58 ./Core/Src/main.o
                0x20000074                hspi1
 .bss.hhcd_USB_OTG_FS
                0x200000cc      0x304 ./Core/Src/main.o
                0x200000cc                hhcd_USB_OTG_FS
 .bss.callback  0x200003d0        0x1 ./Core/Src/main.o
                0x200003d0                callback
 *fill*         0x200003d1        0x3 
 .bss.LIS3DSH_Sensor_1
                0x200003d4       0x34 ./Core/Src/main.o
                0x200003d4                LIS3DSH_Sensor_1
 .bss.LIS3DSH_AverageFilter_X
                0x20000408      0x210 ./Core/Src/main.o
                0x20000408                LIS3DSH_AverageFilter_X
 .bss.LIS3DSH_AverageFilter_Y
                0x20000618      0x210 ./Core/Src/main.o
                0x20000618                LIS3DSH_AverageFilter_Y
 .bss.LIS3DSH_AverageFilter_Z
                0x20000828      0x210 ./Core/Src/main.o
                0x20000828                LIS3DSH_AverageFilter_Z
 .bss.uwTick    0x20000a38        0x4 ./Drivers/STM32F4xx_HAL_Driver/Src/stm32f4xx_hal.o
                0x20000a38                uwTick
 *(COMMON)
                0x20000a3c                        . = ALIGN (0x4)
                0x20000a3c                        _ebss = .
                0x20000a3c                        __bss_end__ = _ebss

._user_heap_stack
                0x20000a3c      0x604
                0x20000a40                        . = ALIGN (0x8)
 *fill*         0x20000a3c        0x4 
                [!provide]                        PROVIDE (end = .)
                0x20000a40                        PROVIDE (_end = .)
                0x20000c40                        . = (. + _Min_Heap_Size)
 *fill*         0x20000a40      0x200 
                0x20001040                        . = (. + _Min_Stack_Size)
 *fill*         0x20000c40      0x400 
                0x20001040                        . = ALIGN (0x8)

/DISCARD/
 libc.a(*)
 libm.a(*)
 libgcc.a(*)

.ARM.attributes
                0x00000000       0x30
 *(.ARM.attributes)
 .ARM.attributes
                0x00000000       0x22 C:/ST/STM32CubeIDE_1.15.1/STM32CubeIDE/plugins/com.st.stm32cube.ide.mcu.externaltools.gnu-tools-for-stm32.12.3.rel1.win32_1.0.100.202403111256/tools/bin/../lib/gcc/arm-none-eabi/12.3.1/thumb/v7e-m+fp/hard/crti.o
 .ARM.attributes
                0x00000022       0x34 C:/ST/STM32CubeIDE_1.15.1/STM32CubeIDE/plugins/com.st.stm32cube.ide.mcu.externaltools.gnu-tools-for-stm32.12.3.rel1.win32_1.0.100.202403111256/tools/bin/../lib/gcc/arm-none-eabi/12.3.1/thumb/v7e-m+fp/hard/crtbegin.o
 .ARM.attributes
                0x00000056       0x34 ./Core/Src/filter.o
 .ARM.attributes
                0x0000008a       0x34 ./Core/Src/lis3dsh.o
 .ARM.attributes
                0x000000be       0x34 ./Core/Src/main.o
 .ARM.attributes
                0x000000f2       0x34 ./Core/Src/spi.o
 .ARM.attributes
                0x00000126       0x34 ./Core/Src/stm32f4xx_hal_msp.o
 .ARM.attributes
                0x0000015a       0x34 ./Core/Src/stm32f4xx_it.o
 .ARM.attributes
                0x0000018e       0x34 ./Core/Src/system_stm32f4xx.o
 .ARM.attributes
                0x000001c2       0x21 ./Core/Startup/startup_stm32f407vgtx.o
 .ARM.attributes
                0x000001e3       0x34 ./Drivers/STM32F4xx_HAL_Driver/Src/stm32f4xx_hal.o
 .ARM.attributes
                0x00000217       0x34 ./Drivers/STM32F4xx_HAL_Driver/Src/stm32f4xx_hal_cortex.o
 .ARM.attributes
                0x0000024b       0x34 ./Drivers/STM32F4xx_HAL_Driver/Src/stm32f4xx_hal_dma.o
 .ARM.attributes
                0x0000027f       0x34 ./Drivers/STM32F4xx_HAL_Driver/Src/stm32f4xx_hal_gpio.o
 .ARM.attributes
                0x000002b3       0x34 ./Drivers/STM32F4xx_HAL_Driver/Src/stm32f4xx_hal_hcd.o
 .ARM.attributes
                0x000002e7       0x34 ./Drivers/STM32F4xx_HAL_Driver/Src/stm32f4xx_hal_i2s.o
 .ARM.attributes
                0x0000031b       0x34 ./Drivers/STM32F4xx_HAL_Driver/Src/stm32f4xx_hal_i2s_ex.o
 .ARM.attributes
                0x0000034f       0x34 ./Drivers/STM32F4xx_HAL_Driver/Src/stm32f4xx_hal_rcc.o
 .ARM.attributes
                0x00000383       0x34 ./Drivers/STM32F4xx_HAL_Driver/Src/stm32f4xx_hal_rcc_ex.o
 .ARM.attributes
                0x000003b7       0x34 ./Drivers/STM32F4xx_HAL_Driver/Src/stm32f4xx_hal_spi.o
 .ARM.attributes
                0x000003eb       0x34 ./Drivers/STM32F4xx_HAL_Driver/Src/stm32f4xx_ll_usb.o
 .ARM.attributes
                0x0000041f       0x34 C:/ST/STM32CubeIDE_1.15.1/STM32CubeIDE/plugins/com.st.stm32cube.ide.mcu.externaltools.gnu-tools-for-stm32.12.3.rel1.win32_1.0.100.202403111256/tools/bin/../lib/gcc/arm-none-eabi/12.3.1/../../../../arm-none-eabi/lib/thumb/v7e-m+fp/hard\libc_nano.a(libc_a-memset.o)
 .ARM.attributes
                0x00000453       0x34 C:/ST/STM32CubeIDE_1.15.1/STM32CubeIDE/plugins/com.st.stm32cube.ide.mcu.externaltools.gnu-tools-for-stm32.12.3.rel1.win32_1.0.100.202403111256/tools/bin/../lib/gcc/arm-none-eabi/12.3.1/../../../../arm-none-eabi/lib/thumb/v7e-m+fp/hard\libc_nano.a(libc_a-init.o)
 .ARM.attributes
                0x00000487       0x22 C:/ST/STM32CubeIDE_1.15.1/STM32CubeIDE/plugins/com.st.stm32cube.ide.mcu.externaltools.gnu-tools-for-stm32.12.3.rel1.win32_1.0.100.202403111256/tools/bin/../lib/gcc/arm-none-eabi/12.3.1/thumb/v7e-m+fp/hard\libgcc.a(_aeabi_uldivmod.o)
 .ARM.attributes
                0x000004a9       0x34 C:/ST/STM32CubeIDE_1.15.1/STM32CubeIDE/plugins/com.st.stm32cube.ide.mcu.externaltools.gnu-tools-for-stm32.12.3.rel1.win32_1.0.100.202403111256/tools/bin/../lib/gcc/arm-none-eabi/12.3.1/thumb/v7e-m+fp/hard\libgcc.a(_udivmoddi4.o)
 .ARM.attributes
                0x000004dd       0x22 C:/ST/STM32CubeIDE_1.15.1/STM32CubeIDE/plugins/com.st.stm32cube.ide.mcu.externaltools.gnu-tools-for-stm32.12.3.rel1.win32_1.0.100.202403111256/tools/bin/../lib/gcc/arm-none-eabi/12.3.1/thumb/v7e-m+fp/hard\libgcc.a(_dvmd_tls.o)
 .ARM.attributes
                0x000004ff       0x22 C:/ST/STM32CubeIDE_1.15.1/STM32CubeIDE/plugins/com.st.stm32cube.ide.mcu.externaltools.gnu-tools-for-stm32.12.3.rel1.win32_1.0.100.202403111256/tools/bin/../lib/gcc/arm-none-eabi/12.3.1/thumb/v7e-m+fp/hard/crtn.o
OUTPUT(STM32F4-LIS302Driver.elf elf32-littlearm)
LOAD linker stubs
LOAD C:/ST/STM32CubeIDE_1.15.1/STM32CubeIDE/plugins/com.st.stm32cube.ide.mcu.externaltools.gnu-tools-for-stm32.12.3.rel1.win32_1.0.100.202403111256/tools/bin/../lib/gcc/arm-none-eabi/12.3.1/../../../../arm-none-eabi/lib/thumb/v7e-m+fp/hard\libc.a
LOAD C:/ST/STM32CubeIDE_1.15.1/STM32CubeIDE/plugins/com.st.stm32cube.ide.mcu.externaltools.gnu-tools-for-stm32.12.3.rel1.win32_1.0.100.202403111256/tools/bin/../lib/gcc/arm-none-eabi/12.3.1/../../../../arm-none-eabi/lib/thumb/v7e-m+fp/hard\libm.a
LOAD C:/ST/STM32CubeIDE_1.15.1/STM32CubeIDE/plugins/com.st.stm32cube.ide.mcu.externaltools.gnu-tools-for-stm32.12.3.rel1.win32_1.0.100.202403111256/tools/bin/../lib/gcc/arm-none-eabi/12.3.1/thumb/v7e-m+fp/hard\libgcc.a

.debug_info     0x00000000     0xe5a8
 .debug_info    0x00000000      0x166 ./Core/Src/filter.o
 .debug_info    0x00000166      0xee9 ./Core/Src/lis3dsh.o
 .debug_info    0x0000104f     0x21b3 ./Core/Src/main.o
 .debug_info    0x00003202      0x7a3 ./Core/Src/spi.o
 .debug_info    0x000039a5     0x143d ./Core/Src/stm32f4xx_hal_msp.o
 .debug_info    0x00004de2      0x6a3 ./Core/Src/stm32f4xx_it.o
 .debug_info    0x00005485      0x512 ./Core/Src/system_stm32f4xx.o
 .debug_info    0x00005997       0x30 ./Core/Startup/startup_stm32f407vgtx.o
 .debug_info    0x000059c7      0x948 ./Drivers/STM32F4xx_HAL_Driver/Src/stm32f4xx_hal.o
 .debug_info    0x0000630f      0xd46 ./Drivers/STM32F4xx_HAL_Driver/Src/stm32f4xx_hal_cortex.o
 .debug_info    0x00007055      0x8e7 ./Drivers/STM32F4xx_HAL_Driver/Src/stm32f4xx_hal_dma.o
 .debug_info    0x0000793c      0x6c3 ./Drivers/STM32F4xx_HAL_Driver/Src/stm32f4xx_hal_gpio.o
 .debug_info    0x00007fff      0xfea ./Drivers/STM32F4xx_HAL_Driver/Src/stm32f4xx_hal_hcd.o
 .debug_info    0x00008fe9      0xdf8 ./Drivers/STM32F4xx_HAL_Driver/Src/stm32f4xx_hal_i2s.o
 .debug_info    0x00009de1      0xaeb ./Drivers/STM32F4xx_HAL_Driver/Src/stm32f4xx_hal_i2s_ex.o
 .debug_info    0x0000a8cc      0x8b1 ./Drivers/STM32F4xx_HAL_Driver/Src/stm32f4xx_hal_rcc.o
 .debug_info    0x0000b17d      0x53a ./Drivers/STM32F4xx_HAL_Driver/Src/stm32f4xx_hal_rcc_ex.o
 .debug_info    0x0000b6b7     0x15fb ./Drivers/STM32F4xx_HAL_Driver/Src/stm32f4xx_hal_spi.o
 .debug_info    0x0000ccb2     0x18f6 ./Drivers/STM32F4xx_HAL_Driver/Src/stm32f4xx_ll_usb.o

.debug_abbrev   0x00000000     0x27b5
 .debug_abbrev  0x00000000       0xc9 ./Core/Src/filter.o
 .debug_abbrev  0x000000c9      0x227 ./Core/Src/lis3dsh.o
 .debug_abbrev  0x000002f0      0x363 ./Core/Src/main.o
 .debug_abbrev  0x00000653      0x1ad ./Core/Src/spi.o
 .debug_abbrev  0x00000800      0x26d ./Core/Src/stm32f4xx_hal_msp.o
 .debug_abbrev  0x00000a6d      0x194 ./Core/Src/stm32f4xx_it.o
 .debug_abbrev  0x00000c01      0x11a ./Core/Src/system_stm32f4xx.o
 .debug_abbrev  0x00000d1b       0x24 ./Core/Startup/startup_stm32f407vgtx.o
 .debug_abbrev  0x00000d3f      0x213 ./Drivers/STM32F4xx_HAL_Driver/Src/stm32f4xx_hal.o
 .debug_abbrev  0x00000f52      0x327 ./Drivers/STM32F4xx_HAL_Driver/Src/stm32f4xx_hal_cortex.o
 .debug_abbrev  0x00001279      0x264 ./Drivers/STM32F4xx_HAL_Driver/Src/stm32f4xx_hal_dma.o
 .debug_abbrev  0x000014dd      0x1d4 ./Drivers/STM32F4xx_HAL_Driver/Src/stm32f4xx_hal_gpio.o
 .debug_abbrev  0x000016b1      0x291 ./Drivers/STM32F4xx_HAL_Driver/Src/stm32f4xx_hal_hcd.o
 .debug_abbrev  0x00001942      0x256 ./Drivers/STM32F4xx_HAL_Driver/Src/stm32f4xx_hal_i2s.o
 .debug_abbrev  0x00001b98      0x288 ./Drivers/STM32F4xx_HAL_Driver/Src/stm32f4xx_hal_i2s_ex.o
 .debug_abbrev  0x00001e20      0x2b6 ./Drivers/STM32F4xx_HAL_Driver/Src/stm32f4xx_hal_rcc.o
 .debug_abbrev  0x000020d6      0x1af ./Drivers/STM32F4xx_HAL_Driver/Src/stm32f4xx_hal_rcc_ex.o
 .debug_abbrev  0x00002285      0x284 ./Drivers/STM32F4xx_HAL_Driver/Src/stm32f4xx_hal_spi.o
 .debug_abbrev  0x00002509      0x2ac ./Drivers/STM32F4xx_HAL_Driver/Src/stm32f4xx_ll_usb.o

.debug_aranges  0x00000000      0xc10
 .debug_aranges
                0x00000000       0x20 ./Core/Src/filter.o
 .debug_aranges
                0x00000020       0x88 ./Core/Src/lis3dsh.o
 .debug_aranges
                0x000000a8       0x60 ./Core/Src/main.o
 .debug_aranges
                0x00000108       0x30 ./Core/Src/spi.o
 .debug_aranges
                0x00000138       0x50 ./Core/Src/stm32f4xx_hal_msp.o
 .debug_aranges
                0x00000188       0x80 ./Core/Src/stm32f4xx_it.o
 .debug_aranges
                0x00000208       0x28 ./Core/Src/system_stm32f4xx.o
 .debug_aranges
                0x00000230       0x28 ./Core/Startup/startup_stm32f407vgtx.o
 .debug_aranges
                0x00000258       0xf0 ./Drivers/STM32F4xx_HAL_Driver/Src/stm32f4xx_hal.o
 .debug_aranges
                0x00000348      0x118 ./Drivers/STM32F4xx_HAL_Driver/Src/stm32f4xx_hal_cortex.o
 .debug_aranges
                0x00000460       0x90 ./Drivers/STM32F4xx_HAL_Driver/Src/stm32f4xx_hal_dma.o
 .debug_aranges
                0x000004f0       0x58 ./Drivers/STM32F4xx_HAL_Driver/Src/stm32f4xx_hal_gpio.o
 .debug_aranges
                0x00000548       0xf8 ./Drivers/STM32F4xx_HAL_Driver/Src/stm32f4xx_hal_hcd.o
 .debug_aranges
                0x00000640      0x108 ./Drivers/STM32F4xx_HAL_Driver/Src/stm32f4xx_hal_i2s.o
 .debug_aranges
                0x00000748       0x88 ./Drivers/STM32F4xx_HAL_Driver/Src/stm32f4xx_hal_i2s_ex.o
 .debug_aranges
                0x000007d0       0x88 ./Drivers/STM32F4xx_HAL_Driver/Src/stm32f4xx_hal_rcc.o
 .debug_aranges
                0x00000858       0x48 ./Drivers/STM32F4xx_HAL_Driver/Src/stm32f4xx_hal_rcc_ex.o
 .debug_aranges
                0x000008a0      0x1d0 ./Drivers/STM32F4xx_HAL_Driver/Src/stm32f4xx_hal_spi.o
 .debug_aranges
                0x00000a70      0x1a0 ./Drivers/STM32F4xx_HAL_Driver/Src/stm32f4xx_ll_usb.o

.debug_rnglists
                0x00000000      0x91a
 .debug_rnglists
                0x00000000       0x14 ./Core/Src/filter.o
 .debug_rnglists
                0x00000014       0x68 ./Core/Src/lis3dsh.o
 .debug_rnglists
                0x0000007c       0x46 ./Core/Src/main.o
 .debug_rnglists
                0x000000c2       0x1f ./Core/Src/spi.o
 .debug_rnglists
                0x000000e1       0x3a ./Core/Src/stm32f4xx_hal_msp.o
 .debug_rnglists
                0x0000011b       0x5b ./Core/Src/stm32f4xx_it.o
 .debug_rnglists
                0x00000176       0x1a ./Core/Src/system_stm32f4xx.o
 .debug_rnglists
                0x00000190       0x19 ./Core/Startup/startup_stm32f407vgtx.o
 .debug_rnglists
                0x000001a9       0xaf ./Drivers/STM32F4xx_HAL_Driver/Src/stm32f4xx_hal.o
 .debug_rnglists
                0x00000258       0xce ./Drivers/STM32F4xx_HAL_Driver/Src/stm32f4xx_hal_cortex.o
 .debug_rnglists
                0x00000326       0x70 ./Drivers/STM32F4xx_HAL_Driver/Src/stm32f4xx_hal_dma.o
 .debug_rnglists
                0x00000396       0x3f ./Drivers/STM32F4xx_HAL_Driver/Src/stm32f4xx_hal_gpio.o
 .debug_rnglists
                0x000003d5       0xbd ./Drivers/STM32F4xx_HAL_Driver/Src/stm32f4xx_hal_hcd.o
 .debug_rnglists
                0x00000492       0xcc ./Drivers/STM32F4xx_HAL_Driver/Src/stm32f4xx_hal_i2s.o
 .debug_rnglists
                0x0000055e       0x6a ./Drivers/STM32F4xx_HAL_Driver/Src/stm32f4xx_hal_i2s_ex.o
 .debug_rnglists
                0x000005c8       0x66 ./Drivers/STM32F4xx_HAL_Driver/Src/stm32f4xx_hal_rcc.o
 .debug_rnglists
                0x0000062e       0x35 ./Drivers/STM32F4xx_HAL_Driver/Src/stm32f4xx_hal_rcc_ex.o
 .debug_rnglists
                0x00000663      0x16f ./Drivers/STM32F4xx_HAL_Driver/Src/stm32f4xx_hal_spi.o
 .debug_rnglists
                0x000007d2      0x148 ./Drivers/STM32F4xx_HAL_Driver/Src/stm32f4xx_ll_usb.o

.debug_macro    0x00000000    0x20b5e
 .debug_macro   0x00000000       0x67 ./Core/Src/filter.o
 .debug_macro   0x00000067      0xab4 ./Core/Src/filter.o
 .debug_macro   0x00000b1b       0x22 ./Core/Src/filter.o
 .debug_macro   0x00000b3d       0x8e ./Core/Src/filter.o
 .debug_macro   0x00000bcb       0x51 ./Core/Src/filter.o
 .debug_macro   0x00000c1c      0x103 ./Core/Src/filter.o
 .debug_macro   0x00000d1f       0x6a ./Core/Src/filter.o
 .debug_macro   0x00000d89      0x1df ./Core/Src/filter.o
 .debug_macro   0x00000f68      0x21d ./Core/Src/lis3dsh.o
 .debug_macro   0x00001185      0x2a1 ./Core/Src/lis3dsh.o
 .debug_macro   0x00001426       0x2e ./Core/Src/lis3dsh.o
 .debug_macro   0x00001454       0x2f ./Core/Src/lis3dsh.o
 .debug_macro   0x00001483       0x1c ./Core/Src/lis3dsh.o
 .debug_macro   0x0000149f       0x22 ./Core/Src/lis3dsh.o
 .debug_macro   0x000014c1       0xd9 ./Core/Src/lis3dsh.o
 .debug_macro   0x0000159a     0x102d ./Core/Src/lis3dsh.o
 .debug_macro   0x000025c7      0x11f ./Core/Src/lis3dsh.o
 .debug_macro   0x000026e6    0x15e82 ./Core/Src/lis3dsh.o
 .debug_macro   0x00018568       0x6d ./Core/Src/lis3dsh.o
 .debug_macro   0x000185d5     0x367e ./Core/Src/lis3dsh.o
 .debug_macro   0x0001bc53      0x189 ./Core/Src/lis3dsh.o
 .debug_macro   0x0001bddc       0x5c ./Core/Src/lis3dsh.o
 .debug_macro   0x0001be38      0x96b ./Core/Src/lis3dsh.o
 .debug_macro   0x0001c7a3      0x9fe ./Core/Src/lis3dsh.o
 .debug_macro   0x0001d1a1      0x115 ./Core/Src/lis3dsh.o
 .debug_macro   0x0001d2b6      0x13e ./Core/Src/lis3dsh.o
 .debug_macro   0x0001d3f4       0xa5 ./Core/Src/lis3dsh.o
 .debug_macro   0x0001d499      0x174 ./Core/Src/lis3dsh.o
 .debug_macro   0x0001d60d      0x287 ./Core/Src/lis3dsh.o
 .debug_macro   0x0001d894       0x5f ./Core/Src/lis3dsh.o
 .debug_macro   0x0001d8f3      0x236 ./Core/Src/lis3dsh.o
 .debug_macro   0x0001db29      0x12c ./Core/Src/lis3dsh.o
 .debug_macro   0x0001dc55      0x21e ./Core/Src/lis3dsh.o
 .debug_macro   0x0001de73       0x2e ./Core/Src/lis3dsh.o
 .debug_macro   0x0001dea1      0x1a7 ./Core/Src/lis3dsh.o
 .debug_macro   0x0001e048       0x46 ./Core/Src/lis3dsh.o
 .debug_macro   0x0001e08e       0x4a ./Core/Src/lis3dsh.o
 .debug_macro   0x0001e0d8      0x11a ./Core/Src/lis3dsh.o
 .debug_macro   0x0001e1f2       0x7e ./Core/Src/lis3dsh.o
 .debug_macro   0x0001e270       0x89 ./Core/Src/lis3dsh.o
 .debug_macro   0x0001e2f9      0x225 ./Core/Src/lis3dsh.o
 .debug_macro   0x0001e51e      0x248 ./Core/Src/lis3dsh.o
 .debug_macro   0x0001e766       0x7c ./Core/Src/lis3dsh.o
 .debug_macro   0x0001e7e2      0x12d ./Core/Src/lis3dsh.o
 .debug_macro   0x0001e90f      0x184 ./Core/Src/lis3dsh.o
 .debug_macro   0x0001ea93       0xdc ./Core/Src/lis3dsh.o
 .debug_macro   0x0001eb6f       0x28 ./Core/Src/lis3dsh.o
 .debug_macro   0x0001eb97      0x208 ./Core/Src/main.o
 .debug_macro   0x0001ed9f      0x208 ./Core/Src/spi.o
 .debug_macro   0x0001efa7      0x1fb ./Core/Src/stm32f4xx_hal_msp.o
 .debug_macro   0x0001f1a2      0x205 ./Core/Src/stm32f4xx_it.o
 .debug_macro   0x0001f3a7      0x1ec ./Core/Src/system_stm32f4xx.o
 .debug_macro   0x0001f593      0x24c ./Drivers/STM32F4xx_HAL_Driver/Src/stm32f4xx_hal.o
 .debug_macro   0x0001f7df      0x1ec ./Drivers/STM32F4xx_HAL_Driver/Src/stm32f4xx_hal_cortex.o
 .debug_macro   0x0001f9cb      0x1f2 ./Drivers/STM32F4xx_HAL_Driver/Src/stm32f4xx_hal_dma.o
 .debug_macro   0x0001fbbd      0x1f2 ./Drivers/STM32F4xx_HAL_Driver/Src/stm32f4xx_hal_gpio.o
 .debug_macro   0x0001fdaf      0x1ec ./Drivers/STM32F4xx_HAL_Driver/Src/stm32f4xx_hal_hcd.o
 .debug_macro   0x0001ff9b      0x1f4 ./Drivers/STM32F4xx_HAL_Driver/Src/stm32f4xx_hal_i2s.o
 .debug_macro   0x0002018f      0x1ec ./Drivers/STM32F4xx_HAL_Driver/Src/stm32f4xx_hal_i2s_ex.o
 .debug_macro   0x0002037b      0x210 ./Drivers/STM32F4xx_HAL_Driver/Src/stm32f4xx_hal_rcc.o
 .debug_macro   0x0002058b      0x1ec ./Drivers/STM32F4xx_HAL_Driver/Src/stm32f4xx_hal_rcc_ex.o
 .debug_macro   0x00020777      0x1fb ./Drivers/STM32F4xx_HAL_Driver/Src/stm32f4xx_hal_spi.o
 .debug_macro   0x00020972      0x1ec ./Drivers/STM32F4xx_HAL_Driver/Src/stm32f4xx_ll_usb.o

.debug_line     0x00000000     0xfbec
 .debug_line    0x00000000      0x4d9 ./Core/Src/filter.o
 .debug_line    0x000004d9      0xa68 ./Core/Src/lis3dsh.o
 .debug_line    0x00000f41      0x9e5 ./Core/Src/main.o
 .debug_line    0x00001926      0x7ad ./Core/Src/spi.o
 .debug_line    0x000020d3      0x899 ./Core/Src/stm32f4xx_hal_msp.o
 .debug_line    0x0000296c      0x898 ./Core/Src/stm32f4xx_it.o
 .debug_line    0x00003204      0x7ff ./Core/Src/system_stm32f4xx.o
 .debug_line    0x00003a03       0x7a ./Core/Startup/startup_stm32f407vgtx.o
 .debug_line    0x00003a7d      0xa68 ./Drivers/STM32F4xx_HAL_Driver/Src/stm32f4xx_hal.o
 .debug_line    0x000044e5      0xd15 ./Drivers/STM32F4xx_HAL_Driver/Src/stm32f4xx_hal_cortex.o
 .debug_line    0x000051fa      0xfd8 ./Drivers/STM32F4xx_HAL_Driver/Src/stm32f4xx_hal_dma.o
 .debug_line    0x000061d2      0xbf4 ./Drivers/STM32F4xx_HAL_Driver/Src/stm32f4xx_hal_gpio.o
 .debug_line    0x00006dc6     0x1272 ./Drivers/STM32F4xx_HAL_Driver/Src/stm32f4xx_hal_hcd.o
 .debug_line    0x00008038     0x13fa ./Drivers/STM32F4xx_HAL_Driver/Src/stm32f4xx_hal_i2s.o
 .debug_line    0x00009432     0x14fa ./Drivers/STM32F4xx_HAL_Driver/Src/stm32f4xx_hal_i2s_ex.o
 .debug_line    0x0000a92c      0xddb ./Drivers/STM32F4xx_HAL_Driver/Src/stm32f4xx_hal_rcc.o
 .debug_line    0x0000b707      0xa7b ./Drivers/STM32F4xx_HAL_Driver/Src/stm32f4xx_hal_rcc_ex.o
 .debug_line    0x0000c182     0x1d1d ./Drivers/STM32F4xx_HAL_Driver/Src/stm32f4xx_hal_spi.o
 .debug_line    0x0000de9f     0x1d4d ./Drivers/STM32F4xx_HAL_Driver/Src/stm32f4xx_ll_usb.o

.debug_str      0x00000000    0xc33f8
 .debug_str     0x00000000     0x3c3a ./Core/Src/filter.o
                               0x3db4 (size before relaxing)
 .debug_str     0x00003c3a    0xbbd0d ./Core/Src/lis3dsh.o
                              0xbfb6d (size before relaxing)
 .debug_str     0x000bf947     0x1283 ./Core/Src/main.o
                              0xc0d3e (size before relaxing)
 .debug_str     0x000c0bca       0x7b ./Core/Src/spi.o
                              0xbf0b7 (size before relaxing)
 .debug_str     0x000c0c45      0x176 ./Core/Src/stm32f4xx_hal_msp.o
                              0xbfc8b (size before relaxing)
 .debug_str     0x000c0dbb      0x136 ./Core/Src/stm32f4xx_it.o
                              0xbf06f (size before relaxing)
 .debug_str     0x000c0ef1       0xdb ./Core/Src/system_stm32f4xx.o
                              0xbe667 (size before relaxing)
 .debug_str     0x000c0fcc       0x44 ./Core/Startup/startup_stm32f407vgtx.o
                                 0x93 (size before relaxing)
 .debug_str     0x000c1010      0x5e6 ./Drivers/STM32F4xx_HAL_Driver/Src/stm32f4xx_hal.o
                              0xbf1eb (size before relaxing)
 .debug_str     0x000c15f6      0x32d ./Drivers/STM32F4xx_HAL_Driver/Src/stm32f4xx_hal_cortex.o
                              0xbef1e (size before relaxing)
 .debug_str     0x000c1923      0x31a ./Drivers/STM32F4xx_HAL_Driver/Src/stm32f4xx_hal_dma.o
                              0xbea81 (size before relaxing)
 .debug_str     0x000c1c3d       0xe8 ./Drivers/STM32F4xx_HAL_Driver/Src/stm32f4xx_hal_gpio.o
                              0xbe7e2 (size before relaxing)
 .debug_str     0x000c1d25      0x524 ./Drivers/STM32F4xx_HAL_Driver/Src/stm32f4xx_hal_hcd.o
                              0xbee44 (size before relaxing)
 .debug_str     0x000c2249      0x2ba ./Drivers/STM32F4xx_HAL_Driver/Src/stm32f4xx_hal_i2s.o
                              0xbec58 (size before relaxing)
 .debug_str     0x000c2503      0x1dc ./Drivers/STM32F4xx_HAL_Driver/Src/stm32f4xx_hal_i2s_ex.o
                              0xbeb63 (size before relaxing)
 .debug_str     0x000c26df      0x21d ./Drivers/STM32F4xx_HAL_Driver/Src/stm32f4xx_hal_rcc.o
                              0xbea9b (size before relaxing)
 .debug_str     0x000c28fc       0xde ./Drivers/STM32F4xx_HAL_Driver/Src/stm32f4xx_hal_rcc_ex.o
                              0xbe7b9 (size before relaxing)
 .debug_str     0x000c29da      0x503 ./Drivers/STM32F4xx_HAL_Driver/Src/stm32f4xx_hal_spi.o
                              0xbef2b (size before relaxing)
 .debug_str     0x000c2edd      0x51b ./Drivers/STM32F4xx_HAL_Driver/Src/stm32f4xx_ll_usb.o
                              0xbef91 (size before relaxing)

.comment        0x00000000       0x43
 .comment       0x00000000       0x43 ./Core/Src/filter.o
                                 0x44 (size before relaxing)
 .comment       0x00000043       0x44 ./Core/Src/lis3dsh.o
 .comment       0x00000043       0x44 ./Core/Src/main.o
 .comment       0x00000043       0x44 ./Core/Src/spi.o
 .comment       0x00000043       0x44 ./Core/Src/stm32f4xx_hal_msp.o
 .comment       0x00000043       0x44 ./Core/Src/stm32f4xx_it.o
 .comment       0x00000043       0x44 ./Core/Src/system_stm32f4xx.o
 .comment       0x00000043       0x44 ./Drivers/STM32F4xx_HAL_Driver/Src/stm32f4xx_hal.o
 .comment       0x00000043       0x44 ./Drivers/STM32F4xx_HAL_Driver/Src/stm32f4xx_hal_cortex.o
 .comment       0x00000043       0x44 ./Drivers/STM32F4xx_HAL_Driver/Src/stm32f4xx_hal_dma.o
 .comment       0x00000043       0x44 ./Drivers/STM32F4xx_HAL_Driver/Src/stm32f4xx_hal_gpio.o
 .comment       0x00000043       0x44 ./Drivers/STM32F4xx_HAL_Driver/Src/stm32f4xx_hal_hcd.o
 .comment       0x00000043       0x44 ./Drivers/STM32F4xx_HAL_Driver/Src/stm32f4xx_hal_i2s.o
 .comment       0x00000043       0x44 ./Drivers/STM32F4xx_HAL_Driver/Src/stm32f4xx_hal_i2s_ex.o
 .comment       0x00000043       0x44 ./Drivers/STM32F4xx_HAL_Driver/Src/stm32f4xx_hal_rcc.o
 .comment       0x00000043       0x44 ./Drivers/STM32F4xx_HAL_Driver/Src/stm32f4xx_hal_rcc_ex.o
 .comment       0x00000043       0x44 ./Drivers/STM32F4xx_HAL_Driver/Src/stm32f4xx_hal_spi.o
 .comment       0x00000043       0x44 ./Drivers/STM32F4xx_HAL_Driver/Src/stm32f4xx_ll_usb.o

.debug_frame    0x00000000     0x30ec
 .debug_frame   0x00000000       0x40 ./Core/Src/filter.o
 .debug_frame   0x00000040      0x218 ./Core/Src/lis3dsh.o
 .debug_frame   0x00000258      0x12c ./Core/Src/main.o
 .debug_frame   0x00000384       0x7c ./Core/Src/spi.o
 .debug_frame   0x00000400      0x10c ./Core/Src/stm32f4xx_hal_msp.o
 .debug_frame   0x0000050c      0x178 ./Core/Src/stm32f4xx_it.o
 .debug_frame   0x00000684       0x58 ./Core/Src/system_stm32f4xx.o
 .debug_frame   0x000006dc      0x374 ./Drivers/STM32F4xx_HAL_Driver/Src/stm32f4xx_hal.o
 .debug_frame   0x00000a50      0x498 ./Drivers/STM32F4xx_HAL_Driver/Src/stm32f4xx_hal_cortex.o
 .debug_frame   0x00000ee8      0x250 ./Drivers/STM32F4xx_HAL_Driver/Src/stm32f4xx_hal_dma.o
 .debug_frame   0x00001138      0x14c ./Drivers/STM32F4xx_HAL_Driver/Src/stm32f4xx_hal_gpio.o
 .debug_frame   0x00001284      0x450 ./Drivers/STM32F4xx_HAL_Driver/Src/stm32f4xx_hal_hcd.o
 .debug_frame   0x000016d4      0x484 ./Drivers/STM32F4xx_HAL_Driver/Src/stm32f4xx_hal_i2s.o
 .debug_frame   0x00001b58      0x220 ./Drivers/STM32F4xx_HAL_Driver/Src/stm32f4xx_hal_i2s_ex.o
 .debug_frame   0x00001d78      0x1f4 ./Drivers/STM32F4xx_HAL_Driver/Src/stm32f4xx_hal_rcc.o
 .debug_frame   0x00001f6c       0xf0 ./Drivers/STM32F4xx_HAL_Driver/Src/stm32f4xx_hal_rcc_ex.o
 .debug_frame   0x0000205c      0x824 ./Drivers/STM32F4xx_HAL_Driver/Src/stm32f4xx_hal_spi.o
 .debug_frame   0x00002880      0x7c0 ./Drivers/STM32F4xx_HAL_Driver/Src/stm32f4xx_ll_usb.o
 .debug_frame   0x00003040       0x20 C:/ST/STM32CubeIDE_1.15.1/STM32CubeIDE/plugins/com.st.stm32cube.ide.mcu.externaltools.gnu-tools-for-stm32.12.3.rel1.win32_1.0.100.202403111256/tools/bin/../lib/gcc/arm-none-eabi/12.3.1/../../../../arm-none-eabi/lib/thumb/v7e-m+fp/hard\libc_nano.a(libc_a-memset.o)
 .debug_frame   0x00003060       0x2c C:/ST/STM32CubeIDE_1.15.1/STM32CubeIDE/plugins/com.st.stm32cube.ide.mcu.externaltools.gnu-tools-for-stm32.12.3.rel1.win32_1.0.100.202403111256/tools/bin/../lib/gcc/arm-none-eabi/12.3.1/../../../../arm-none-eabi/lib/thumb/v7e-m+fp/hard\libc_nano.a(libc_a-init.o)
 .debug_frame   0x0000308c       0x2c C:/ST/STM32CubeIDE_1.15.1/STM32CubeIDE/plugins/com.st.stm32cube.ide.mcu.externaltools.gnu-tools-for-stm32.12.3.rel1.win32_1.0.100.202403111256/tools/bin/../lib/gcc/arm-none-eabi/12.3.1/thumb/v7e-m+fp/hard\libgcc.a(_aeabi_uldivmod.o)
 .debug_frame   0x000030b8       0x34 C:/ST/STM32CubeIDE_1.15.1/STM32CubeIDE/plugins/com.st.stm32cube.ide.mcu.externaltools.gnu-tools-for-stm32.12.3.rel1.win32_1.0.100.202403111256/tools/bin/../lib/gcc/arm-none-eabi/12.3.1/thumb/v7e-m+fp/hard\libgcc.a(_udivmoddi4.o)

.debug_line_str
                0x00000000       0x77
 .debug_line_str
                0x00000000       0x77 ./Core/Startup/startup_stm32f407vgtx.o
